
> yoga-app@1.3.0 build
> vite build

[36mvite v7.3.1 [32mbuilding client environment for production...[36m[39m
transforming...
[32m??[39m 6096 modules transformed.
rendering chunks...
node.exe : [33m[plugin vite:reporter] 
위치 줄:1 문자:1
+ & "C:\Program Files\nodejs/node.exe" "C:\Program Files\nodejs/node_mo ...
+ ~~~~~~~~~~~~~~~~~~~~~~~~~~~~~~~~~~~~~~~~~~~~~~~~~~~~~~~~~~~~~~~~~~~~~
    + CategoryInfo          : NotSpecified: ([33m[plugin vite:reporter] :String) [], RemoteException
    + FullyQualifiedErrorId : NativeCommandError
 
(!) C:/Users/boksoon/.gemini/antigravity/scratch/yoga-app/node_modules/firebase/firestore/dist/esm/index.esm.js is dynamically i
mported by C:/Users/boksoon/.gemini/antigravity/scratch/yoga-app/src/hooks/useAttendanceCamera.js, C:/Users/boksoon/.gemini/anti
gravity/scratch/yoga-app/src/services/attendanceService.js, C:/Users/boksoon/.gemini/antigravity/scratch/yoga-app/src/services/a
ttendanceService.js, C:/Users/boksoon/.gemini/antigravity/scratch/yoga-app/src/services/attendanceService.js, C:/Users/boksoon/.
gemini/antigravity/scratch/yoga-app/src/services/attendanceService.js, C:/Users/boksoon/.gemini/antigravity/scratch/yoga-app/src
/services/storage.js but also statically imported by C:/Users/boksoon/.gemini/antigravity/scratch/yoga-app/src/components/AdminM
emberDetailModal.jsx, C:/Users/boksoon/.gemini/antigravity/scratch/yoga-app/src/components/admin/member-detail/MessagesTab.jsx, 
C:/Users/boksoon/.gemini/antigravity/scratch/yoga-app/src/components/common/NetworkStatus.jsx, C:/Users/boksoon/.gemini/antigrav
ity/scratch/yoga-app/src/context/PWAContext.jsx, C:/Users/boksoon/.gemini/antigravity/scratch/yoga-app/src/contexts/StudioContex
t.jsx, C:/Users/boksoon/.gemini/antigravity/scratch/yoga-app/src/firebase.js, C:/Users/boksoon/.gemini/antigravity/scratch/yoga-
app/src/pages/AdminDashboard.jsx, C:/Users/boksoon/.gemini/antigravity/scratch/yoga-app/src/pages/MemberProfile.jsx, C:/Users/bo
ksoon/.gemini/antigravity/scratch/yoga-app/src/services/aiService.js, C:/Users/boksoon/.gemini/antigravity/scratch/yoga-app/src/
services/attendanceService.js, C:/Users/boksoon/.gemini/antigravity/scratch/yoga-app/src/services/memberService.js, C:/Users/bok
soon/.gemini/antigravity/scratch/yoga-app/src/services/messageService.js, C:/Users/boksoon/.gemini/antigravity/scratch/yoga-app/
src/services/modules/errorModule.js, C:/Users/boksoon/.gemini/antigravity/scratch/yoga-app/src/services/noticeService.js, C:/Use
rs/boksoon/.gemini/antigravity/scratch/yoga-app/src/services/paymentService.js, C:/Users/boksoon/.gemini/antigravity/scratch/yog
a-app/src/services/scheduleService.js, C:/Users/boksoon/.gemini/antigravity/scratch/yoga-app/src/services/storage.js, dynamic im
port will not move module into another chunk.
[39m
[33m[plugin vite:reporter] 
(!) C:/Users/boksoon/.gemini/antigravity/scratch/yoga-app/node_modules/firebase/auth/dist/esm/index.esm.js is dynamically import
ed by C:/Users/boksoon/.gemini/antigravity/scratch/yoga-app/src/pages/MemberProfile.jsx, C:/Users/boksoon/.gemini/antigravity/sc
ratch/yoga-app/src/services/storage.js, C:/Users/boksoon/.gemini/antigravity/scratch/yoga-app/src/services/storage.js but also s
tatically imported by C:/Users/boksoon/.gemini/antigravity/scratch/yoga-app/src/contexts/StudioContext.jsx, C:/Users/boksoon/.ge
mini/antigravity/scratch/yoga-app/src/firebase.js, C:/Users/boksoon/.gemini/antigravity/scratch/yoga-app/src/pages/CheckInPage.j
sx, C:/Users/boksoon/.gemini/antigravity/scratch/yoga-app/src/services/storage.js, dynamic import will not move module into anot
her chunk.
[39m
[33m[plugin vite:reporter] 
(!) C:/Users/boksoon/.gemini/antigravity/scratch/yoga-app/src/services/modules/errorModule.js is dynamically imported by C:/User
s/boksoon/.gemini/antigravity/scratch/yoga-app/src/hooks/useAttendanceCamera.js but also statically imported by C:/Users/boksoon
/.gemini/antigravity/scratch/yoga-app/src/pages/CheckInPage.jsx, dynamic import will not move module into another chunk.
[39m
computing gzip size...
[2mdist/[22m[32mindex.html                                 [39m[1m[2m    4.40 kB[22m[1m[22m[2m ??gzip:   1.81 kB[22m
[2mdist/[22m[32massets/welcome-B_g4mdWi-v12.mp3            [39m[1m[2m   15.74 kB[22m[1m[22m
[2mdist/[22m[32massets/success-CcAXXBy_-v12.mp3            [39m[1m[2m   18.82 kB[22m[1m[22m
[2mdist/[22m[32massets/last_session-BGhVq13I-v12.mp3       [39m[1m[2m   40.32 kB[22m[1m[22m
[2mdist/[22m[32massets/error-CW0OyCfN-v12.mp3              [39m[1m[2m   42.05 kB[22m[1m[22m
[2mdist/[22m[32massets/duplicate_success-MqYQC4tX-v12.mp3  [39m[1m[2m   42.24 kB[22m[1m[22m
[2mdist/[22m[35massets/CheckInPage-PbMxk2NJ-v12.css        [39m[1m[2m    0.80 kB[22m[1m[22m[2m ??gzip:   0.41 kB[22m
[2mdist/[22m[35massets/index-Sb6zk-WM-v12.css              [39m[1m[2m   25.85 kB[22m[1m[22m[2m ??gzip:   6.17 kB[22m
[2mdist/[22m[36massets/csvParser-V9jk3xor-v12.js           [39m[1m[2m    1.94 kB[22m[1m[22m[2m ??gzip:   0.99 kB[22m[2m ??map:     8.89 kB[22m
[2mdist/[22m[36massets/usePWA-yeCKsokL-v12.js              [39m[1m[2m    2.98 kB[22m[1m[22m[2m ??gzip:   1.12 kB[22m[2m ??map:     4.98 kB[22m
[2mdist/[22m[36massets/LoginPage-DMLlXrwi-v12.js           [39m[1m[2m    3.76 kB[22m[1m[22m[2m ??gzip:   1.63 kB[22m[2m ??map:    12.76 kB[22m
[2mdist/[22m[36massets/InstallBanner-uFPAIaNv-v12.js       [39m[1m[2m    4.15 kB[22m[1m[22m[2m ??gzip:   1.80 kB[22m[2m ??map:    10.73 kB[22m
[2mdist/[22m[36massets/User.es-7UNC51Be-v12.js             [39m[1m[2m    4.46 kB[22m[1m[22m[2m ??gzip:   1.38 kB[22m[2m ??map:     7.91 kB[22m
[2mdist/[22m[36massets/Share.es-CdMmnzvq-v12.js            [39m[1m[2m    6.08 kB[22m[1m[22m[2m ??gzip:   1.58 kB[22m[2m ??map:    11.28 kB[22m
[2mdist/[22m[36massets/UserFocus.es-DXeADvlq-v12.js        [39m[1m[2m    8.03 kB[22m[1m[22m[2m ??gzip:   2.00 kB[22m[2m ??map:    13.19 kB[22m
[2mdist/[22m[36massets/Sun.es-DTQJiyGx-v12.js              [39m[1m[2m   11.08 kB[22m[1m[22m[2m ??gzip:   2.94 kB[22m[2m ??map:    17.91 kB[22m
[2mdist/[22m[36massets/AttendanceHistory-tCINnjcj-v12.js   [39m[1m[2m   17.66 kB[22m[1m[22m[2m ??gzip:   5.91 kB[22m[2m ??map:    50.97 kB[22m
[2mdist/[22m[36massets/ImageLightbox-DAvOpYVn-v12.js       [39m[1m[2m   32.54 kB[22m[1m[22m[2m ??gzip:  10.19 kB[22m[2m ??map:    92.51 kB[22m
[2mdist/[22m[36massets/InstructorPage-5ZJ9jk3R-v12.js      [39m[1m[2m   44.30 kB[22m[1m[22m[2m ??gzip:  13.80 kB[22m[2m ??map:   140.37 kB[22m
[2mdist/[22m[36massets/pose-DULZ_6C8-v12.js                [39m[1m[2m   46.97 kB[22m[1m[22m[2m ??gzip:  17.58 kB[22m[2m ??map:   120.97 kB[22m
[2mdist/[22m[36massets/MemberProfile-DrEwxLIj-v12.js       [39m[1m[2m   81.81 kB[22m[1m[22m[2m ??gzip:  23.48 kB[22m[2m ??map:   261.44 kB[22m
[2mdist/[22m[36massets/CommonIcons-BfLZ1P0C-v12.js         [39m[1m[2m   85.13 kB[22m[1m[22m[2m ??gzip:  20.68 kB[22m[2m ??map:   130.57 kB[22m
[2mdist/[22m[36massets/MeditationPage-C7kYKXgs-v12.js      [39m[1m[2m   88.88 kB[22m[1m[22m[2m ??gzip:  24.29 kB[22m[2m ??map:   277.16 kB[22m
[2mdist/[22m[36massets/index-CnBlzDPU-v12.js               [39m[1m[2m  258.12 kB[22m[1m[22m[2m ??gzip:  80.68 kB[22m[2m ??map: 4,326.66 kB[22m
[2mdist/[22m[36massets/index-9epVseYQ-v12.js               [39m[1m[2m  354.69 kB[22m[1m[22m[2m ??gzip:  84.09 kB[22m[2m ??map: 3,774.51 kB[22m
[2mdist/[22m[36massets/AdminDashboard-B73Hnh6d-v12.js      [39m[1m[2m  700.39 kB[22m[1m[22m[2m ??gzip: 189.37 kB[22m[2m ??map: 2,860.16 kB[22m
[2mdist/[22m[36massets/index-Cv5frcyt-v12.js               [39m[1m[2m  774.38 kB[22m[1m[22m[2m ??gzip: 247.29 kB[22m[2m ??map: 4,269.38 kB[22m
[2mdist/[22m[36massets/CheckInPage-DHDv40fy-v12.js         [39m[1m[33m1,409.22 kB[39m[22m[2m ??gzip: 367.24 kB[22m[2m ??map: 3,149.74 kB[22m
[33m
(!) Some chunks are larger than 1000 kB after minification. Consider:
- Using dynamic import() to code-split the application
- Use build.rollupOptions.output.manualChunks to improve chunking: https://rollupjs.org/configuration-options/#output-manualchun
ks
- Adjust chunk size limit for this warning via build.chunkSizeWarningLimit.[39m
[32m??built in 19.22s[39m
